// Jest Snapshot v1, https://goo.gl/fbAQLP

exports[`GitHubLink Component Should match snapshot 1`] = `
<DocumentFragment>
  <a
    href="https://github.com/davidchristie/next-redux-example"
  >
    GitHub
  </a>
</DocumentFragment>
`;
