// Jest Snapshot v1, https://goo.gl/fbAQLP

exports[`Root Reducer Initial state Should match snapshot 1`] = `
Object {
  "count": 0,
  "error": undefined,
  "lastUpdate": 0,
  "light": false,
  "placeholderData": null,
}
`;
