// Jest Snapshot v1, https://goo.gl/fbAQLP

exports[`App Component Initial Props If Component has getInitialProps static method Should match snapshot 1`] = `
Object {
  "pageProps": Object {},
}
`;

exports[`App Component Initial Props Should match snapshot 1`] = `
Object {
  "pageProps": Object {},
}
`;

exports[`App Component Should match snapshot 1`] = `<DocumentFragment />`;
