// Jest Snapshot v1, https://goo.gl/fbAQLP

exports[`IndexPage Component Initial Props If data has already been loaded Should match snapshot 1`] = `
Object {
  "isServer": false,
}
`;

exports[`IndexPage Component Initial Props Should match snapshot 1`] = `
Object {
  "isServer": false,
}
`;

exports[`IndexPage Component Should match snapshot 1`] = `
<DocumentFragment>
  <div>
    <header>
      <a
        href="https://github.com/davidchristie/next-redux-example"
      >
        GitHub
      </a>
    </header>
    <h1>
      Index Page
    </h1>
    <div
      class="jsx-1453841751 "
    >
      00:00:00
    </div>
    <div
      class="jsx-1118913787"
    >
      <h1
        class="jsx-1118913787"
      >
        Count: 
        <span
          class="jsx-1118913787"
        >
          0
        </span>
      </h1>
      <button
        class="jsx-1118913787"
      >
        +1
      </button>
      <button
        class="jsx-1118913787"
      >
        -1
      </button>
      <button
        class="jsx-1118913787"
      >
        Reset
      </button>
    </div>
    <nav>
      <a
        href="/other"
      >
        Navigate: Other Page
      </a>
    </nav>
  </div>
</DocumentFragment>
`;
